Cannot assign structure to fuzzy component <component * FUZZY_COMP>