Unexpected top-level tag under <command>: role. Only <component> allowed.