<command WIN-MOVE>
<component I1, I2 T1, T2>
|  <rolegroup>
|  |  <role R1>
|  |  |  <component I2 T3, T4, T5 W1, W2>
|  |  |  |  <rolegroup>
|  |  |  |  |  <role R1.1>
|  |  |  |  |  |  <component I3, I4 T6 W3, W4>
|  |  |  |  |  |  <component I5, I6 T7 W5, W6>
|  |  |  |  |  |  <component I7, I8 T8 W7, W8>
|  |  |  |  |  <role R1.2>
|  |  |  |  |  |  <component I9, I10 T9, T10 W9>
|  |  |  |  </rolegroup>
|  |  <role N2>
|  |  |  <component I11 T11 W10, W11>
|  |  |  |  <rolegroup>
|  |  |  |  |  <role R2.1>
|  |  |  |  |  |  <component I12, I13 T12, T13 W12, W13, W14>
|  |  |  |  </rolegroup>
|  |  |  <component I12, I13 T12, T13 W12, W13, W14>
|  </rolegroup>
|  <rolegroup>
|  |  <role R4>
|  |  |  <component I3 T3 W3>
|  </rolegroup>
<component I3 T3 W3>
</command><command PRINT-TABLE>
<component I4 T4 W4>
</command>