<command LUNCH>
<component * FRUIT APPLE>
<component * FRUIT VEGETABLE>
</command>